2026-04-19T18:00:41:   [主动基金] 123456 天天基金备用源也失败: 天天基金接口无数据
2026-04-19T18:00:41:   [主动基金] 123456 所有数据源均失败，且无缓存可回退
2026-04-19T18:00:42:   [股票行情] 东方财富批量接口失败: request to https://push2.eastmoney.com/api/qt/ulist.np/get?fltt=2&invt=2&fields=f2,f3,f4,f5,f6,f8,f9,f12,f14,f15,f16,f17,f18,f20,f21,f23,f115&secids=1.601012,1.600845,1.600406,0.300450,1.600900,1.600887 failed, reason: socket hang up
2026-04-19T18:00:42:   [ETF行情] 东方财富批量接口失败: request to https://push2.eastmoney.com/api/qt/ulist.np/get?fltt=2&invt=2&fields=f2,f3,f4,f5,f6,f7,f8,f9,f12,f14,f15,f16,f17,f18,f20,f21,f23,f115,f128,f140,f141,f152&secids=1.510500,0.159915,1.588000,0.163415,1.510310,1.513180 failed, reason: socket hang up
2026-04-19T18:00:46:   [行情] 东方财富批量接口失败: request to https://push2.eastmoney.com/api/qt/ulist.np/get?fltt=2&invt=2&fields=f2,f3,f4,f12,f14,f15,f16,f17,f18&secids=1.000300,1.000905,1.000922,2.H30269,1.000932,1.000688,100.HSTECH,100.SPX,100.NDX failed, reason: socket hang up
2026-04-19T18:00:46:   [行情] 东方财富批量接口失败: request to https://push2.eastmoney.com/api/qt/ulist.np/get?fltt=2&invt=2&fields=f2,f3,f4,f12,f14,f15,f16,f17,f18&secids=1.000300,1.000905,1.000922,2.H30269,1.000932,1.000688,100.HSTECH,100.SPX,100.NDX,1.000001 failed, reason: socket hang up
2026-04-19T18:00:47:   [天天基金] 估值接口失败: 网络繁忙，请稍后重试！
2026-04-19T18:17:11:   [天天基金] 估值接口失败: 网络繁忙，请稍后重试！
2026-04-19T18:17:11:   [主动基金] 123456 天天基金备用源也失败: 天天基金接口无数据
2026-04-19T18:17:11:   [主动基金] 123456 所有数据源均失败，且无缓存可回退
2026-04-19T18:32:21:   [天天基金] 估值接口失败: 网络繁忙，请稍后重试！
2026-04-19T18:32:21:   [主动基金] 123456 天天基金备用源也失败: 天天基金接口无数据
2026-04-19T18:32:21:   [主动基金] 123456 所有数据源均失败，且无缓存可回退
2026-04-19T18:32:22:   [股票K线] 东方财富进入 10 分钟冷却: 隆基绿能 主源请求失败，优先回退缓存/腾讯备用源
2026-04-19T18:32:22:   [股票K线] 1.601012 获取失败: request to https://push2his.eastmoney.com/api/qt/stock/kline/get?secid=1.601012&fields1=f1,f2,f3,f4,f5,f6&fields2=f51,f52,f53,f54,f55,f56,f57,f58,f59,f60,f61&klt=101&fqt=1&end=20500101&lmt=60 failed, reason: socket hang up
2026-04-19T18:32:22:   [ETF K线] 1.513180 东方财富获取失败: request to https://push2his.eastmoney.com/api/qt/stock/kline/get?secid=1.513180&fields1=f1,f2,f3,f4,f5,f6&fields2=f51,f52,f53,f54,f55,f56,f57,f58,f59,f60,f61&klt=101&fqt=1&end=20500101&lmt=60 failed, reason: socket hang up
2026-04-19T18:32:22:   [ETF K线] 0.159915 东方财富获取失败: request to https://push2his.eastmoney.com/api/qt/stock/kline/get?secid=0.159915&fields1=f1,f2,f3,f4,f5,f6&fields2=f51,f52,f53,f54,f55,f56,f57,f58,f59,f60,f61&klt=101&fqt=1&end=20500101&lmt=60 failed, reason: socket hang up
2026-04-19T18:32:22:   [ETF K线] 1.510310 东方财富获取失败: request to https://push2his.eastmoney.com/api/qt/stock/kline/get?secid=1.510310&fields1=f1,f2,f3,f4,f5,f6&fields2=f51,f52,f53,f54,f55,f56,f57,f58,f59,f60,f61&klt=101&fqt=1&end=20500101&lmt=60 failed, reason: socket hang up
2026-04-19T18:32:23:   [股票K线] 东方财富进入 10 分钟冷却: 宝信软件 主源请求失败，优先回退缓存/腾讯备用源
2026-04-19T18:32:23:   [股票K线] 1.600845 获取失败: request to https://push2his.eastmoney.com/api/qt/stock/kline/get?secid=1.600845&fields1=f1,f2,f3,f4,f5,f6&fields2=f51,f52,f53,f54,f55,f56,f57,f58,f59,f60,f61&klt=101&fqt=1&end=20500101&lmt=60 failed, reason: socket hang up
2026-04-19T18:32:23:   [ETF K线] 1.510500 东方财富获取失败: request to https://push2his.eastmoney.com/api/qt/stock/kline/get?secid=1.510500&fields1=f1,f2,f3,f4,f5,f6&fields2=f51,f52,f53,f54,f55,f56,f57,f58,f59,f60,f61&klt=101&fqt=1&end=20500101&lmt=60 failed, reason: socket hang up
2026-04-19T18:32:23:   [K线] 1.000905 所有secid均失败: request to https://push2his.eastmoney.com/api/qt/stock/kline/get?secid=1.000905&fields1=f1,f2,f3,f4,f5,f6&fields2=f51,f52,f53,f54,f55,f56,f57,f58,f59,f60,f61&klt=101&fqt=0&end=20500101&lmt=300 failed, reason: socket hang up
2026-04-19T18:32:23:   [K线] 东方财富历史K线进入 10 分钟冷却: 中证500 主源请求失败，优先回退缓存/腾讯备用源
2026-04-19T18:32:23:   [K线] 1.000932 所有secid均失败: request to https://push2his.eastmoney.com/api/qt/stock/kline/get?secid=1.000932&fields1=f1,f2,f3,f4,f5,f6&fields2=f51,f52,f53,f54,f55,f56,f57,f58,f59,f60,f61&klt=101&fqt=0&end=20500101&lmt=300 failed, reason: socket hang up
2026-04-19T18:32:23:   [K线] 东方财富历史K线进入 10 分钟冷却: 中证消费 主源请求失败，优先回退缓存/腾讯备用源
2026-04-19T18:32:23:   [K线] 1.000300 所有secid均失败: request to https://push2his.eastmoney.com/api/qt/stock/kline/get?secid=1.000300&fields1=f1,f2,f3,f4,f5,f6&fields2=f51,f52,f53,f54,f55,f56,f57,f58,f59,f60,f61&klt=101&fqt=0&end=20500101&lmt=300 failed, reason: socket hang up
2026-04-19T18:32:23:   [K线] 东方财富历史K线进入 10 分钟冷却: 沪深300 主源请求失败，优先回退缓存/腾讯备用源
2026-04-19T18:32:23:   [ETF K线] 1.588000 东方财富获取失败: request to https://push2his.eastmoney.com/api/qt/stock/kline/get?secid=1.588000&fields1=f1,f2,f3,f4,f5,f6&fields2=f51,f52,f53,f54,f55,f56,f57,f58,f59,f60,f61&klt=101&fqt=1&end=20500101&lmt=60 failed, reason: socket hang up
2026-04-19T18:32:23:   [K线] 1.000922 所有secid均失败: request to https://push2his.eastmoney.com/api/qt/stock/kline/get?secid=1.000922&fields1=f1,f2,f3,f4,f5,f6&fields2=f51,f52,f53,f54,f55,f56,f57,f58,f59,f60,f61&klt=101&fqt=0&end=20500101&lmt=300 failed, reason: socket hang up
2026-04-19T18:32:23:   [K线] 东方财富历史K线进入 10 分钟冷却: 中证红利 主源请求失败，优先回退缓存/腾讯备用源
2026-04-19T18:32:24:   [ETF K线] 0.163415 东方财富获取失败: request to https://push2his.eastmoney.com/api/qt/stock/kline/get?secid=0.163415&fields1=f1,f2,f3,f4,f5,f6&fields2=f51,f52,f53,f54,f55,f56,f57,f58,f59,f60,f61&klt=101&fqt=1&end=20500101&lmt=60 failed, reason: socket hang up
2026-04-19T18:32:25:   [K线] 1.000688 所有secid均失败: request to https://push2his.eastmoney.com/api/qt/stock/kline/get?secid=1.000688&fields1=f1,f2,f3,f4,f5,f6&fields2=f51,f52,f53,f54,f55,f56,f57,f58,f59,f60,f61&klt=101&fqt=0&end=20500101&lmt=300 failed, reason: socket hang up
2026-04-19T18:32:25:   [K线] 东方财富历史K线进入 10 分钟冷却: 科创50 主源请求失败，优先回退缓存/腾讯备用源
2026-04-19T18:32:25:   [K线] 2.H30269 所有secid均失败: request to https://push2his.eastmoney.com/api/qt/stock/kline/get?secid=0.930955&fields1=f1,f2,f3,f4,f5,f6&fields2=f51,f52,f53,f54,f55,f56,f57,f58,f59,f60,f61&klt=101&fqt=0&end=20500101&lmt=300 failed, reason: socket hang up
2026-04-19T18:33:08:   [天天基金] 估值接口失败: 网络繁忙，请稍后重试！
2026-04-19T18:33:08:   [股票K线] 东方财富进入 10 分钟冷却: 宝信软件 主源请求失败，优先回退缓存/腾讯备用源
2026-04-19T18:33:08:   [股票K线] 1.600845 获取失败: request to https://push2his.eastmoney.com/api/qt/stock/kline/get?secid=1.600845&fields1=f1,f2,f3,f4,f5,f6&fields2=f51,f52,f53,f54,f55,f56,f57,f58,f59,f60,f61&klt=101&fqt=1&end=20500101&lmt=60 failed, reason: socket hang up
2026-04-19T18:33:08:   [主动基金] 123456 天天基金备用源也失败: 天天基金接口无数据
2026-04-19T18:33:08:   [主动基金] 123456 所有数据源均失败，且无缓存可回退
2026-04-19T18:33:08:   [股票K线] 东方财富进入 10 分钟冷却: 隆基绿能 主源请求失败，优先回退缓存/腾讯备用源
2026-04-19T18:33:08:   [股票K线] 1.601012 获取失败: request to https://push2his.eastmoney.com/api/qt/stock/kline/get?secid=1.601012&fields1=f1,f2,f3,f4,f5,f6&fields2=f51,f52,f53,f54,f55,f56,f57,f58,f59,f60,f61&klt=101&fqt=1&end=20500101&lmt=60 failed, reason: socket hang up
2026-04-19T18:33:09:   [K线] 1.000922 所有secid均失败: request to https://push2his.eastmoney.com/api/qt/stock/kline/get?secid=1.000922&fields1=f1,f2,f3,f4,f5,f6&fields2=f51,f52,f53,f54,f55,f56,f57,f58,f59,f60,f61&klt=101&fqt=0&end=20500101&lmt=300 failed, reason: socket hang up
2026-04-19T18:33:09:   [K线] 东方财富历史K线进入 10 分钟冷却: 中证红利 主源请求失败，优先回退缓存/腾讯备用源
2026-04-19T18:33:09:   [K线] 1.000932 所有secid均失败: request to https://push2his.eastmoney.com/api/qt/stock/kline/get?secid=1.000932&fields1=f1,f2,f3,f4,f5,f6&fields2=f51,f52,f53,f54,f55,f56,f57,f58,f59,f60,f61&klt=101&fqt=0&end=20500101&lmt=300 failed, reason: socket hang up
2026-04-19T18:33:09:   [K线] 东方财富历史K线进入 10 分钟冷却: 中证消费 主源请求失败，优先回退缓存/腾讯备用源
2026-04-19T18:33:09:   [K线] 1.000905 所有secid均失败: request to https://push2his.eastmoney.com/api/qt/stock/kline/get?secid=1.000905&fields1=f1,f2,f3,f4,f5,f6&fields2=f51,f52,f53,f54,f55,f56,f57,f58,f59,f60,f61&klt=101&fqt=0&end=20500101&lmt=300 failed, reason: socket hang up
2026-04-19T18:33:09:   [K线] 东方财富历史K线进入 10 分钟冷却: 中证500 主源请求失败，优先回退缓存/腾讯备用源
2026-04-19T18:33:09:   [ETF K线] 0.163415 东方财富获取失败: request to https://push2his.eastmoney.com/api/qt/stock/kline/get?secid=0.163415&fields1=f1,f2,f3,f4,f5,f6&fields2=f51,f52,f53,f54,f55,f56,f57,f58,f59,f60,f61&klt=101&fqt=1&end=20500101&lmt=60 failed, reason: socket hang up
2026-04-19T18:33:09:   [ETF K线] 0.159915 东方财富获取失败: request to https://push2his.eastmoney.com/api/qt/stock/kline/get?secid=0.159915&fields1=f1,f2,f3,f4,f5,f6&fields2=f51,f52,f53,f54,f55,f56,f57,f58,f59,f60,f61&klt=101&fqt=1&end=20500101&lmt=60 failed, reason: socket hang up
2026-04-19T18:33:09:   [ETF K线] 1.513180 东方财富获取失败: request to https://push2his.eastmoney.com/api/qt/stock/kline/get?secid=1.513180&fields1=f1,f2,f3,f4,f5,f6&fields2=f51,f52,f53,f54,f55,f56,f57,f58,f59,f60,f61&klt=101&fqt=1&end=20500101&lmt=60 failed, reason: socket hang up
2026-04-19T18:33:09:   [K线] 1.000300 所有secid均失败: request to https://push2his.eastmoney.com/api/qt/stock/kline/get?secid=1.000300&fields1=f1,f2,f3,f4,f5,f6&fields2=f51,f52,f53,f54,f55,f56,f57,f58,f59,f60,f61&klt=101&fqt=0&end=20500101&lmt=300 failed, reason: socket hang up
2026-04-19T18:33:09:   [K线] 东方财富历史K线进入 10 分钟冷却: 沪深300 主源请求失败，优先回退缓存/腾讯备用源
2026-04-19T18:33:09:   [K线] 1.000688 所有secid均失败: request to https://push2his.eastmoney.com/api/qt/stock/kline/get?secid=1.000688&fields1=f1,f2,f3,f4,f5,f6&fields2=f51,f52,f53,f54,f55,f56,f57,f58,f59,f60,f61&klt=101&fqt=0&end=20500101&lmt=300 failed, reason: socket hang up
2026-04-19T18:33:09:   [K线] 东方财富历史K线进入 10 分钟冷却: 科创50 主源请求失败，优先回退缓存/腾讯备用源
2026-04-19T18:33:09:   [ETF K线] 1.510310 东方财富获取失败: request to https://push2his.eastmoney.com/api/qt/stock/kline/get?secid=1.510310&fields1=f1,f2,f3,f4,f5,f6&fields2=f51,f52,f53,f54,f55,f56,f57,f58,f59,f60,f61&klt=101&fqt=1&end=20500101&lmt=60 failed, reason: socket hang up
2026-04-19T18:33:10:   [ETF K线] 1.510500 东方财富获取失败: request to https://push2his.eastmoney.com/api/qt/stock/kline/get?secid=1.510500&fields1=f1,f2,f3,f4,f5,f6&fields2=f51,f52,f53,f54,f55,f56,f57,f58,f59,f60,f61&klt=101&fqt=1&end=20500101&lmt=60 failed, reason: socket hang up
2026-04-19T18:33:10:   [K线] 2.H30269 所有secid均失败: request to https://push2his.eastmoney.com/api/qt/stock/kline/get?secid=0.930955&fields1=f1,f2,f3,f4,f5,f6&fields2=f51,f52,f53,f54,f55,f56,f57,f58,f59,f60,f61&klt=101&fqt=0&end=20500101&lmt=300 failed, reason: socket hang up
2026-04-19T18:33:12:   [ETF K线] 1.588000 东方财富获取失败: request to https://push2his.eastmoney.com/api/qt/stock/kline/get?secid=1.588000&fields1=f1,f2,f3,f4,f5,f6&fields2=f51,f52,f53,f54,f55,f56,f57,f58,f59,f60,f61&klt=101&fqt=1&end=20500101&lmt=60 failed, reason: socket hang up
2026-04-19T18:42:30:   [主动基金] 123456 天天基金备用源也失败: 天天基金接口无数据
2026-04-19T18:42:30:   [主动基金] 123456 所有数据源均失败，且无缓存可回退
2026-04-19T18:42:32:   [ETF行情] 东方财富批量接口失败: request to https://push2.eastmoney.com/api/qt/ulist.np/get?fltt=2&invt=2&fields=f2,f3,f4,f5,f6,f7,f8,f9,f12,f14,f15,f16,f17,f18,f20,f21,f23,f115,f128,f140,f141,f152&secids=1.510500,0.159915,1.588000,0.163415,1.510310,1.513180 failed, reason: socket hang up
2026-04-19T18:42:32:   [股票行情] 东方财富批量接口失败: request to https://push2.eastmoney.com/api/qt/ulist.np/get?fltt=2&invt=2&fields=f2,f3,f4,f5,f6,f8,f9,f12,f14,f15,f16,f17,f18,f20,f21,f23,f115&secids=1.601012,1.600845,1.600406,0.300450,1.600900,1.600887 failed, reason: socket hang up
2026-04-19T18:42:32:   [股票K线] 东方财富进入 10 分钟冷却: 宝信软件 主源请求失败，优先回退缓存/腾讯备用源
2026-04-19T18:42:32:   [股票K线] 1.600845 获取失败: request to https://push2his.eastmoney.com/api/qt/stock/kline/get?secid=1.600845&fields1=f1,f2,f3,f4,f5,f6&fields2=f51,f52,f53,f54,f55,f56,f57,f58,f59,f60,f61&klt=101&fqt=1&end=20500101&lmt=60 failed, reason: socket hang up
2026-04-19T18:42:32:   [股票K线] 东方财富进入 10 分钟冷却: 隆基绿能 主源请求失败，优先回退缓存/腾讯备用源
2026-04-19T18:42:32:   [股票K线] 1.601012 获取失败: request to https://push2his.eastmoney.com/api/qt/stock/kline/get?secid=1.601012&fields1=f1,f2,f3,f4,f5,f6&fields2=f51,f52,f53,f54,f55,f56,f57,f58,f59,f60,f61&klt=101&fqt=1&end=20500101&lmt=60 failed, reason: socket hang up
2026-04-19T18:42:33:   [ETF K线] 1.588000 东方财富获取失败: request to https://push2his.eastmoney.com/api/qt/stock/kline/get?secid=1.588000&fields1=f1,f2,f3,f4,f5,f6&fields2=f51,f52,f53,f54,f55,f56,f57,f58,f59,f60,f61&klt=101&fqt=1&end=20500101&lmt=60 failed, reason: socket hang up
2026-04-19T18:42:33:   [ETF K线] 1.510500 东方财富获取失败: request to https://push2his.eastmoney.com/api/qt/stock/kline/get?secid=1.510500&fields1=f1,f2,f3,f4,f5,f6&fields2=f51,f52,f53,f54,f55,f56,f57,f58,f59,f60,f61&klt=101&fqt=1&end=20500101&lmt=60 failed, reason: socket hang up
2026-04-19T18:42:33:   [ETF K线] 0.159915 东方财富获取失败: request to https://push2his.eastmoney.com/api/qt/stock/kline/get?secid=0.159915&fields1=f1,f2,f3,f4,f5,f6&fields2=f51,f52,f53,f54,f55,f56,f57,f58,f59,f60,f61&klt=101&fqt=1&end=20500101&lmt=60 failed, reason: socket hang up
2026-04-19T18:42:33:   [ETF K线] 1.513180 东方财富获取失败: request to https://push2his.eastmoney.com/api/qt/stock/kline/get?secid=1.513180&fields1=f1,f2,f3,f4,f5,f6&fields2=f51,f52,f53,f54,f55,f56,f57,f58,f59,f60,f61&klt=101&fqt=1&end=20500101&lmt=60 failed, reason: socket hang up
2026-04-19T18:42:33:   [ETF K线] 1.510310 东方财富获取失败: request to https://push2his.eastmoney.com/api/qt/stock/kline/get?secid=1.510310&fields1=f1,f2,f3,f4,f5,f6&fields2=f51,f52,f53,f54,f55,f56,f57,f58,f59,f60,f61&klt=101&fqt=1&end=20500101&lmt=60 failed, reason: socket hang up
2026-04-19T18:42:33:   [ETF K线] 0.163415 东方财富获取失败: request to https://push2his.eastmoney.com/api/qt/stock/kline/get?secid=0.163415&fields1=f1,f2,f3,f4,f5,f6&fields2=f51,f52,f53,f54,f55,f56,f57,f58,f59,f60,f61&klt=101&fqt=1&end=20500101&lmt=60 failed, reason: socket hang up
2026-04-19T18:42:36:   [行情] 东方财富批量接口失败: request to https://push2.eastmoney.com/api/qt/ulist.np/get?fltt=2&invt=2&fields=f2,f3,f4,f12,f14,f15,f16,f17,f18&secids=1.000300,1.000905,1.000922,2.H30269,1.000932,1.000688,100.HSTECH,100.SPX,100.NDX failed, reason: socket hang up
2026-04-19T18:42:36:   [行情] 东方财富批量接口失败: request to https://push2.eastmoney.com/api/qt/ulist.np/get?fltt=2&invt=2&fields=f2,f3,f4,f12,f14,f15,f16,f17,f18&secids=1.000300,1.000905,1.000922,2.H30269,1.000932,1.000688,100.HSTECH,100.SPX,100.NDX,1.000001 failed, reason: socket hang up
2026-04-19T18:42:36:   [天天基金] 估值接口失败: 网络繁忙，请稍后重试！
2026-04-19T18:42:37:   [K线] 1.000688 所有secid均失败: request to https://push2his.eastmoney.com/api/qt/stock/kline/get?secid=1.000688&fields1=f1,f2,f3,f4,f5,f6&fields2=f51,f52,f53,f54,f55,f56,f57,f58,f59,f60,f61&klt=101&fqt=0&end=20500101&lmt=300 failed, reason: getaddrinfo ENOTFOUND push2his.eastmoney.com
2026-04-19T18:42:37:   [K线] 1.000932 所有secid均失败: request to https://push2his.eastmoney.com/api/qt/stock/kline/get?secid=1.000932&fields1=f1,f2,f3,f4,f5,f6&fields2=f51,f52,f53,f54,f55,f56,f57,f58,f59,f60,f61&klt=101&fqt=0&end=20500101&lmt=300 failed, reason: socket hang up
2026-04-19T18:42:37:   [K线] 东方财富历史K线进入 10 分钟冷却: 中证消费 主源请求失败，优先回退缓存/腾讯备用源
2026-04-19T18:42:37:   [K线] 1.000905 所有secid均失败: request to https://push2his.eastmoney.com/api/qt/stock/kline/get?secid=1.000905&fields1=f1,f2,f3,f4,f5,f6&fields2=f51,f52,f53,f54,f55,f56,f57,f58,f59,f60,f61&klt=101&fqt=0&end=20500101&lmt=300 failed, reason: socket hang up
2026-04-19T18:42:37:   [K线] 东方财富历史K线进入 10 分钟冷却: 中证500 主源请求失败，优先回退缓存/腾讯备用源
2026-04-19T18:42:37:   [K线] 1.000922 所有secid均失败: request to https://push2his.eastmoney.com/api/qt/stock/kline/get?secid=1.000922&fields1=f1,f2,f3,f4,f5,f6&fields2=f51,f52,f53,f54,f55,f56,f57,f58,f59,f60,f61&klt=101&fqt=0&end=20500101&lmt=300 failed, reason: socket hang up
2026-04-19T18:42:37:   [K线] 1.000300 所有secid均失败: request to https://push2his.eastmoney.com/api/qt/stock/kline/get?secid=1.000300&fields1=f1,f2,f3,f4,f5,f6&fields2=f51,f52,f53,f54,f55,f56,f57,f58,f59,f60,f61&klt=101&fqt=0&end=20500101&lmt=300 failed, reason: socket hang up
2026-04-19T18:42:37:   [K线] 东方财富历史K线进入 10 分钟冷却: 沪深300 主源请求失败，优先回退缓存/腾讯备用源
2026-04-19T18:42:38:   [K线] 2.H30269 所有secid均失败: request to https://push2his.eastmoney.com/api/qt/stock/kline/get?secid=0.930955&fields1=f1,f2,f3,f4,f5,f6&fields2=f51,f52,f53,f54,f55,f56,f57,f58,f59,f60,f61&klt=101&fqt=0&end=20500101&lmt=300 failed, reason: socket hang up
2026-04-20T09:02:14:   [天天基金] 估值接口失败: 网络繁忙，请稍后重试！
2026-04-20T09:02:14:   [主动基金] 123456 天天基金备用源也失败: 天天基金接口无数据
2026-04-20T09:02:14:   [主动基金] 123456 所有源失败，回退上一轮缓存数据
2026-04-20T09:02:16:   [K线] 1.000905 所有secid均失败: request to https://push2his.eastmoney.com/api/qt/stock/kline/get?secid=1.000905&fields1=f1,f2,f3,f4,f5,f6&fields2=f51,f52,f53,f54,f55,f56,f57,f58,f59,f60,f61&klt=101&fqt=0&end=20500101&lmt=300 failed, reason: socket hang up
2026-04-20T09:02:16:   [K线] 东方财富历史K线进入 10 分钟冷却: 中证500 主源请求失败，优先回退缓存/腾讯备用源
2026-04-20T09:02:16:   [K线] 中证500 主源失败，回退历史缓存避免刷新抖动
2026-04-20T09:02:16:   [K线] 1.000932 所有secid均失败: request to https://push2his.eastmoney.com/api/qt/stock/kline/get?secid=1.000932&fields1=f1,f2,f3,f4,f5,f6&fields2=f51,f52,f53,f54,f55,f56,f57,f58,f59,f60,f61&klt=101&fqt=0&end=20500101&lmt=300 failed, reason: socket hang up
2026-04-20T09:02:16:   [K线] 东方财富历史K线进入 10 分钟冷却: 中证消费 主源请求失败，优先回退缓存/腾讯备用源
2026-04-20T09:02:16:   [K线] 中证消费 主源失败，回退历史缓存避免刷新抖动
2026-04-20T09:02:16:   [K线] 1.000688 所有secid均失败: request to https://push2his.eastmoney.com/api/qt/stock/kline/get?secid=1.000688&fields1=f1,f2,f3,f4,f5,f6&fields2=f51,f52,f53,f54,f55,f56,f57,f58,f59,f60,f61&klt=101&fqt=0&end=20500101&lmt=300 failed, reason: socket hang up
2026-04-20T09:02:16:   [K线] 东方财富历史K线进入 10 分钟冷却: 科创50 主源请求失败，优先回退缓存/腾讯备用源
2026-04-20T09:02:16:   [K线] 科创50 主源失败，回退历史缓存避免刷新抖动
2026-04-20T09:02:16:   [K线] 1.000922 所有secid均失败: request to https://push2his.eastmoney.com/api/qt/stock/kline/get?secid=1.000922&fields1=f1,f2,f3,f4,f5,f6&fields2=f51,f52,f53,f54,f55,f56,f57,f58,f59,f60,f61&klt=101&fqt=0&end=20500101&lmt=300 failed, reason: socket hang up
2026-04-20T09:02:16:   [K线] 东方财富历史K线进入 10 分钟冷却: 中证红利 主源请求失败，优先回退缓存/腾讯备用源
2026-04-20T09:02:16:   [K线] 中证红利 主源失败，回退历史缓存避免刷新抖动
2026-04-20T09:02:16:   [K线] 1.000300 所有secid均失败: request to https://push2his.eastmoney.com/api/qt/stock/kline/get?secid=1.000300&fields1=f1,f2,f3,f4,f5,f6&fields2=f51,f52,f53,f54,f55,f56,f57,f58,f59,f60,f61&klt=101&fqt=0&end=20500101&lmt=300 failed, reason: socket hang up
2026-04-20T09:02:16:   [K线] 东方财富历史K线进入 10 分钟冷却: 沪深300 主源请求失败，优先回退缓存/腾讯备用源
2026-04-20T09:02:16:   [K线] 沪深300 主源失败，回退历史缓存避免刷新抖动
2026-04-20T09:02:17:   [K线] 2.H30269 所有secid均失败: request to https://push2his.eastmoney.com/api/qt/stock/kline/get?secid=0.930955&fields1=f1,f2,f3,f4,f5,f6&fields2=f51,f52,f53,f54,f55,f56,f57,f58,f59,f60,f61&klt=101&fqt=0&end=20500101&lmt=300 failed, reason: socket hang up
2026-04-20T09:52:29:   [天天基金] 估值接口失败: 网络繁忙，请稍后重试！
2026-04-20T09:52:29:   [主动基金] 123456 天天基金备用源也失败: 天天基金接口无数据
2026-04-20T09:52:29:   [主动基金] 123456 所有数据源均失败，且无缓存可回退
2026-04-20T10:02:31:   [ETF K线] 0.159915 东方财富获取失败: request to https://push2his.eastmoney.com/api/qt/stock/kline/get?secid=0.159915&fields1=f1,f2,f3,f4,f5,f6&fields2=f51,f52,f53,f54,f55,f56,f57,f58,f59,f60,f61&klt=101&fqt=1&end=20500101&lmt=60 failed, reason: socket hang up
2026-04-20T10:02:31:   [ETF K线] 0.163415 东方财富获取失败: request to https://push2his.eastmoney.com/api/qt/stock/kline/get?secid=0.163415&fields1=f1,f2,f3,f4,f5,f6&fields2=f51,f52,f53,f54,f55,f56,f57,f58,f59,f60,f61&klt=101&fqt=1&end=20500101&lmt=60 failed, reason: socket hang up
2026-04-20T10:02:31:   [ETF K线] 1.510500 东方财富获取失败: request to https://push2his.eastmoney.com/api/qt/stock/kline/get?secid=1.510500&fields1=f1,f2,f3,f4,f5,f6&fields2=f51,f52,f53,f54,f55,f56,f57,f58,f59,f60,f61&klt=101&fqt=1&end=20500101&lmt=60 failed, reason: socket hang up
2026-04-20T10:02:31:   [ETF K线] 1.513180 东方财富获取失败: request to https://push2his.eastmoney.com/api/qt/stock/kline/get?secid=1.513180&fields1=f1,f2,f3,f4,f5,f6&fields2=f51,f52,f53,f54,f55,f56,f57,f58,f59,f60,f61&klt=101&fqt=1&end=20500101&lmt=60 failed, reason: socket hang up
2026-04-20T10:02:31:   [ETF K线] 1.588000 东方财富获取失败: request to https://push2his.eastmoney.com/api/qt/stock/kline/get?secid=1.588000&fields1=f1,f2,f3,f4,f5,f6&fields2=f51,f52,f53,f54,f55,f56,f57,f58,f59,f60,f61&klt=101&fqt=1&end=20500101&lmt=60 failed, reason: socket hang up
2026-04-20T10:02:31:   [ETF K线] 1.510310 东方财富获取失败: request to https://push2his.eastmoney.com/api/qt/stock/kline/get?secid=1.510310&fields1=f1,f2,f3,f4,f5,f6&fields2=f51,f52,f53,f54,f55,f56,f57,f58,f59,f60,f61&klt=101&fqt=1&end=20500101&lmt=60 failed, reason: socket hang up
2026-04-20T10:04:30:   [天天基金] 估值接口失败: 网络繁忙，请稍后重试！
2026-04-20T10:04:30:   [股票K线] 东方财富进入 10 分钟冷却: 宝信软件 主源请求失败，优先回退缓存/腾讯备用源
2026-04-20T10:04:30:   [股票K线] 1.600845 获取失败: request to https://push2his.eastmoney.com/api/qt/stock/kline/get?secid=1.600845&fields1=f1,f2,f3,f4,f5,f6&fields2=f51,f52,f53,f54,f55,f56,f57,f58,f59,f60,f61&klt=101&fqt=1&end=20500101&lmt=60 failed, reason: socket hang up
2026-04-20T10:04:30:   [股票K线] 东方财富进入 10 分钟冷却: 隆基绿能 主源请求失败，优先回退缓存/腾讯备用源
2026-04-20T10:04:30:   [股票K线] 1.601012 获取失败: request to https://push2his.eastmoney.com/api/qt/stock/kline/get?secid=1.601012&fields1=f1,f2,f3,f4,f5,f6&fields2=f51,f52,f53,f54,f55,f56,f57,f58,f59,f60,f61&klt=101&fqt=1&end=20500101&lmt=60 failed, reason: socket hang up
2026-04-20T10:04:30:   [主动基金] 123456 天天基金备用源也失败: 天天基金接口无数据
2026-04-20T10:04:30:   [主动基金] 123456 所有数据源均失败，且无缓存可回退
2026-04-20T10:04:30:   [ETF K线] 1.510500 东方财富获取失败: request to https://push2his.eastmoney.com/api/qt/stock/kline/get?secid=1.510500&fields1=f1,f2,f3,f4,f5,f6&fields2=f51,f52,f53,f54,f55,f56,f57,f58,f59,f60,f61&klt=101&fqt=1&end=20500101&lmt=60 failed, reason: socket hang up
2026-04-20T10:04:30:   [ETF K线] 0.163415 东方财富获取失败: request to https://push2his.eastmoney.com/api/qt/stock/kline/get?secid=0.163415&fields1=f1,f2,f3,f4,f5,f6&fields2=f51,f52,f53,f54,f55,f56,f57,f58,f59,f60,f61&klt=101&fqt=1&end=20500101&lmt=60 failed, reason: socket hang up
2026-04-20T10:04:30:   [ETF K线] 1.510310 东方财富获取失败: request to https://push2his.eastmoney.com/api/qt/stock/kline/get?secid=1.510310&fields1=f1,f2,f3,f4,f5,f6&fields2=f51,f52,f53,f54,f55,f56,f57,f58,f59,f60,f61&klt=101&fqt=1&end=20500101&lmt=60 failed, reason: socket hang up
2026-04-20T10:04:30:   [ETF K线] 0.159915 东方财富获取失败: request to https://push2his.eastmoney.com/api/qt/stock/kline/get?secid=0.159915&fields1=f1,f2,f3,f4,f5,f6&fields2=f51,f52,f53,f54,f55,f56,f57,f58,f59,f60,f61&klt=101&fqt=1&end=20500101&lmt=60 failed, reason: socket hang up
2026-04-20T10:04:30:   [ETF K线] 1.513180 东方财富获取失败: request to https://push2his.eastmoney.com/api/qt/stock/kline/get?secid=1.513180&fields1=f1,f2,f3,f4,f5,f6&fields2=f51,f52,f53,f54,f55,f56,f57,f58,f59,f60,f61&klt=101&fqt=1&end=20500101&lmt=60 failed, reason: socket hang up
2026-04-20T10:04:30:   [ETF K线] 1.588000 东方财富获取失败: request to https://push2his.eastmoney.com/api/qt/stock/kline/get?secid=1.588000&fields1=f1,f2,f3,f4,f5,f6&fields2=f51,f52,f53,f54,f55,f56,f57,f58,f59,f60,f61&klt=101&fqt=1&end=20500101&lmt=60 failed, reason: socket hang up
2026-04-20T10:04:31:   [K线] 1.000932 所有secid均失败: request to https://push2his.eastmoney.com/api/qt/stock/kline/get?secid=1.000932&fields1=f1,f2,f3,f4,f5,f6&fields2=f51,f52,f53,f54,f55,f56,f57,f58,f59,f60,f61&klt=101&fqt=0&end=20500101&lmt=300 failed, reason: socket hang up
2026-04-20T10:04:31:   [K线] 东方财富历史K线进入 10 分钟冷却: 中证消费 主源请求失败，优先回退缓存/腾讯备用源
2026-04-20T10:04:31:   [K线] 1.000905 所有secid均失败: request to https://push2his.eastmoney.com/api/qt/stock/kline/get?secid=1.000905&fields1=f1,f2,f3,f4,f5,f6&fields2=f51,f52,f53,f54,f55,f56,f57,f58,f59,f60,f61&klt=101&fqt=0&end=20500101&lmt=300 failed, reason: socket hang up
2026-04-20T10:04:31:   [K线] 东方财富历史K线进入 10 分钟冷却: 中证500 主源请求失败，优先回退缓存/腾讯备用源
2026-04-20T10:04:31:   [K线] 1.000922 所有secid均失败: request to https://push2his.eastmoney.com/api/qt/stock/kline/get?secid=1.000922&fields1=f1,f2,f3,f4,f5,f6&fields2=f51,f52,f53,f54,f55,f56,f57,f58,f59,f60,f61&klt=101&fqt=0&end=20500101&lmt=300 failed, reason: socket hang up
2026-04-20T10:04:31:   [K线] 东方财富历史K线进入 10 分钟冷却: 中证红利 主源请求失败，优先回退缓存/腾讯备用源
2026-04-20T10:04:31:   [K线] 1.000300 所有secid均失败: request to https://push2his.eastmoney.com/api/qt/stock/kline/get?secid=1.000300&fields1=f1,f2,f3,f4,f5,f6&fields2=f51,f52,f53,f54,f55,f56,f57,f58,f59,f60,f61&klt=101&fqt=0&end=20500101&lmt=300 failed, reason: socket hang up
2026-04-20T10:04:31:   [K线] 东方财富历史K线进入 10 分钟冷却: 沪深300 主源请求失败，优先回退缓存/腾讯备用源
2026-04-20T10:04:31:   [K线] 1.000688 所有secid均失败: request to https://push2his.eastmoney.com/api/qt/stock/kline/get?secid=1.000688&fields1=f1,f2,f3,f4,f5,f6&fields2=f51,f52,f53,f54,f55,f56,f57,f58,f59,f60,f61&klt=101&fqt=0&end=20500101&lmt=300 failed, reason: socket hang up
2026-04-20T10:04:31:   [K线] 东方财富历史K线进入 10 分钟冷却: 科创50 主源请求失败，优先回退缓存/腾讯备用源
2026-04-20T10:04:32:   [K线] 2.H30269 所有secid均失败: request to https://push2his.eastmoney.com/api/qt/stock/kline/get?secid=0.930955&fields1=f1,f2,f3,f4,f5,f6&fields2=f51,f52,f53,f54,f55,f56,f57,f58,f59,f60,f61&klt=101&fqt=0&end=20500101&lmt=300 failed, reason: socket hang up
2026-04-20T10:08:08:   [K线] 2.H30269 所有secid均失败: request to https://push2his.eastmoney.com/api/qt/stock/kline/get?secid=0.930955&fields1=f1,f2,f3,f4,f5,f6&fields2=f51,f52,f53,f54,f55,f56,f57,f58,f59,f60,f61&klt=101&fqt=0&end=20500101&lmt=300 failed, reason: socket hang up
2026-04-20T10:08:16:   [K线] 2.H30269 所有secid均失败: request to https://push2his.eastmoney.com/api/qt/stock/kline/get?secid=0.930955&fields1=f1,f2,f3,f4,f5,f6&fields2=f51,f52,f53,f54,f55,f56,f57,f58,f59,f60,f61&klt=101&fqt=0&end=20500101&lmt=300 failed, reason: socket hang up
2026-04-20T10:08:41:   [K线] 2.H30269 所有secid均失败: request to https://push2his.eastmoney.com/api/qt/stock/kline/get?secid=0.930955&fields1=f1,f2,f3,f4,f5,f6&fields2=f51,f52,f53,f54,f55,f56,f57,f58,f59,f60,f61&klt=101&fqt=0&end=20500101&lmt=300 failed, reason: socket hang up
2026-04-20T10:14:32:   [ETF K线] 1.510310 东方财富获取失败: request to https://push2his.eastmoney.com/api/qt/stock/kline/get?secid=1.510310&fields1=f1,f2,f3,f4,f5,f6&fields2=f51,f52,f53,f54,f55,f56,f57,f58,f59,f60,f61&klt=101&fqt=1&end=20500101&lmt=60 failed, reason: socket hang up
2026-04-20T10:14:32:   [ETF K线] 0.159915 东方财富获取失败: request to https://push2his.eastmoney.com/api/qt/stock/kline/get?secid=0.159915&fields1=f1,f2,f3,f4,f5,f6&fields2=f51,f52,f53,f54,f55,f56,f57,f58,f59,f60,f61&klt=101&fqt=1&end=20500101&lmt=60 failed, reason: socket hang up
2026-04-20T10:14:32:   [ETF K线] 1.513180 东方财富获取失败: request to https://push2his.eastmoney.com/api/qt/stock/kline/get?secid=1.513180&fields1=f1,f2,f3,f4,f5,f6&fields2=f51,f52,f53,f54,f55,f56,f57,f58,f59,f60,f61&klt=101&fqt=1&end=20500101&lmt=60 failed, reason: socket hang up
2026-04-20T10:14:32:   [ETF K线] 1.510500 东方财富获取失败: request to https://push2his.eastmoney.com/api/qt/stock/kline/get?secid=1.510500&fields1=f1,f2,f3,f4,f5,f6&fields2=f51,f52,f53,f54,f55,f56,f57,f58,f59,f60,f61&klt=101&fqt=1&end=20500101&lmt=60 failed, reason: socket hang up
2026-04-20T10:14:32:   [ETF K线] 1.588000 东方财富获取失败: request to https://push2his.eastmoney.com/api/qt/stock/kline/get?secid=1.588000&fields1=f1,f2,f3,f4,f5,f6&fields2=f51,f52,f53,f54,f55,f56,f57,f58,f59,f60,f61&klt=101&fqt=1&end=20500101&lmt=60 failed, reason: socket hang up
2026-04-20T10:14:32:   [ETF K线] 0.163415 东方财富获取失败: request to https://push2his.eastmoney.com/api/qt/stock/kline/get?secid=0.163415&fields1=f1,f2,f3,f4,f5,f6&fields2=f51,f52,f53,f54,f55,f56,f57,f58,f59,f60,f61&klt=101&fqt=1&end=20500101&lmt=60 failed, reason: socket hang up
2026-04-20T10:16:06:   [天天基金] 估值接口失败: 网络繁忙，请稍后重试！
2026-04-20T10:16:06:   [主动基金] 123456 天天基金备用源也失败: 天天基金接口无数据
2026-04-20T10:16:06:   [主动基金] 123456 所有数据源均失败，且无缓存可回退
2026-04-20T10:16:06:   [股票K线] 东方财富进入 10 分钟冷却: 隆基绿能 主源请求失败，优先回退缓存/腾讯备用源
2026-04-20T10:16:06:   [股票K线] 1.601012 获取失败: request to https://push2his.eastmoney.com/api/qt/stock/kline/get?secid=1.601012&fields1=f1,f2,f3,f4,f5,f6&fields2=f51,f52,f53,f54,f55,f56,f57,f58,f59,f60,f61&klt=101&fqt=1&end=20500101&lmt=60 failed, reason: socket hang up
2026-04-20T10:16:06:   [股票K线] 东方财富进入 10 分钟冷却: 宝信软件 主源请求失败，优先回退缓存/腾讯备用源
2026-04-20T10:16:06:   [股票K线] 1.600845 获取失败: request to https://push2his.eastmoney.com/api/qt/stock/kline/get?secid=1.600845&fields1=f1,f2,f3,f4,f5,f6&fields2=f51,f52,f53,f54,f55,f56,f57,f58,f59,f60,f61&klt=101&fqt=1&end=20500101&lmt=60 failed, reason: socket hang up
2026-04-20T10:16:07:   [ETF K线] 0.163415 东方财富获取失败: request to https://push2his.eastmoney.com/api/qt/stock/kline/get?secid=0.163415&fields1=f1,f2,f3,f4,f5,f6&fields2=f51,f52,f53,f54,f55,f56,f57,f58,f59,f60,f61&klt=101&fqt=1&end=20500101&lmt=60 failed, reason: socket hang up
2026-04-20T10:16:07:   [ETF K线] 1.588000 东方财富获取失败: request to https://push2his.eastmoney.com/api/qt/stock/kline/get?secid=1.588000&fields1=f1,f2,f3,f4,f5,f6&fields2=f51,f52,f53,f54,f55,f56,f57,f58,f59,f60,f61&klt=101&fqt=1&end=20500101&lmt=60 failed, reason: socket hang up
2026-04-20T10:16:07:   [ETF K线] 1.510500 东方财富获取失败: request to https://push2his.eastmoney.com/api/qt/stock/kline/get?secid=1.510500&fields1=f1,f2,f3,f4,f5,f6&fields2=f51,f52,f53,f54,f55,f56,f57,f58,f59,f60,f61&klt=101&fqt=1&end=20500101&lmt=60 failed, reason: socket hang up
2026-04-20T10:16:07:   [ETF K线] 1.513180 东方财富获取失败: request to https://push2his.eastmoney.com/api/qt/stock/kline/get?secid=1.513180&fields1=f1,f2,f3,f4,f5,f6&fields2=f51,f52,f53,f54,f55,f56,f57,f58,f59,f60,f61&klt=101&fqt=1&end=20500101&lmt=60 failed, reason: socket hang up
2026-04-20T10:16:07:   [ETF K线] 1.510310 东方财富获取失败: request to https://push2his.eastmoney.com/api/qt/stock/kline/get?secid=1.510310&fields1=f1,f2,f3,f4,f5,f6&fields2=f51,f52,f53,f54,f55,f56,f57,f58,f59,f60,f61&klt=101&fqt=1&end=20500101&lmt=60 failed, reason: socket hang up
2026-04-20T10:16:07:   [ETF K线] 0.159915 东方财富获取失败: request to https://push2his.eastmoney.com/api/qt/stock/kline/get?secid=0.159915&fields1=f1,f2,f3,f4,f5,f6&fields2=f51,f52,f53,f54,f55,f56,f57,f58,f59,f60,f61&klt=101&fqt=1&end=20500101&lmt=60 failed, reason: socket hang up
2026-04-20T10:16:07:   [K线] 1.000922 所有secid均失败: request to https://push2his.eastmoney.com/api/qt/stock/kline/get?secid=1.000922&fields1=f1,f2,f3,f4,f5,f6&fields2=f51,f52,f53,f54,f55,f56,f57,f58,f59,f60,f61&klt=101&fqt=0&end=20500101&lmt=300 failed, reason: socket hang up
2026-04-20T10:16:07:   [K线] 东方财富历史K线进入 10 分钟冷却: 中证红利 主源请求失败，优先回退缓存/腾讯备用源
2026-04-20T10:16:07:   [K线] 1.000300 所有secid均失败: request to https://push2his.eastmoney.com/api/qt/stock/kline/get?secid=1.000300&fields1=f1,f2,f3,f4,f5,f6&fields2=f51,f52,f53,f54,f55,f56,f57,f58,f59,f60,f61&klt=101&fqt=0&end=20500101&lmt=300 failed, reason: socket hang up
2026-04-20T10:16:07:   [K线] 东方财富历史K线进入 10 分钟冷却: 沪深300 主源请求失败，优先回退缓存/腾讯备用源
2026-04-20T10:16:07:   [K线] 1.000905 所有secid均失败: request to https://push2his.eastmoney.com/api/qt/stock/kline/get?secid=1.000905&fields1=f1,f2,f3,f4,f5,f6&fields2=f51,f52,f53,f54,f55,f56,f57,f58,f59,f60,f61&klt=101&fqt=0&end=20500101&lmt=300 failed, reason: socket hang up
2026-04-20T10:16:07:   [K线] 东方财富历史K线进入 10 分钟冷却: 中证500 主源请求失败，优先回退缓存/腾讯备用源
2026-04-20T10:16:07:   [K线] 1.000688 所有secid均失败: request to https://push2his.eastmoney.com/api/qt/stock/kline/get?secid=1.000688&fields1=f1,f2,f3,f4,f5,f6&fields2=f51,f52,f53,f54,f55,f56,f57,f58,f59,f60,f61&klt=101&fqt=0&end=20500101&lmt=300 failed, reason: socket hang up
2026-04-20T10:16:07:   [K线] 东方财富历史K线进入 10 分钟冷却: 科创50 主源请求失败，优先回退缓存/腾讯备用源
2026-04-20T10:16:07:   [K线] 1.000932 所有secid均失败: request to https://push2his.eastmoney.com/api/qt/stock/kline/get?secid=1.000932&fields1=f1,f2,f3,f4,f5,f6&fields2=f51,f52,f53,f54,f55,f56,f57,f58,f59,f60,f61&klt=101&fqt=0&end=20500101&lmt=300 failed, reason: socket hang up
2026-04-20T10:16:07:   [K线] 东方财富历史K线进入 10 分钟冷却: 中证消费 主源请求失败，优先回退缓存/腾讯备用源
2026-04-20T10:16:08:   [K线] 2.H30269 所有secid均失败: request to https://push2his.eastmoney.com/api/qt/stock/kline/get?secid=0.930955&fields1=f1,f2,f3,f4,f5,f6&fields2=f51,f52,f53,f54,f55,f56,f57,f58,f59,f60,f61&klt=101&fqt=0&end=20500101&lmt=300 failed, reason: socket hang up
2026-04-20T10:16:59:   [K线] 2.H30269 所有secid均失败: request to https://push2his.eastmoney.com/api/qt/stock/kline/get?secid=0.930955&fields1=f1,f2,f3,f4,f5,f6&fields2=f51,f52,f53,f54,f55,f56,f57,f58,f59,f60,f61&klt=101&fqt=0&end=20500101&lmt=300 failed, reason: socket hang up
2026-04-20T10:17:06:   [K线] 2.H30269 所有secid均失败: request to https://push2his.eastmoney.com/api/qt/stock/kline/get?secid=0.930955&fields1=f1,f2,f3,f4,f5,f6&fields2=f51,f52,f53,f54,f55,f56,f57,f58,f59,f60,f61&klt=101&fqt=0&end=20500101&lmt=300 failed, reason: socket hang up
2026-04-20T10:17:10:   [K线] 2.H30269 所有secid均失败: request to https://push2his.eastmoney.com/api/qt/stock/kline/get?secid=0.930955&fields1=f1,f2,f3,f4,f5,f6&fields2=f51,f52,f53,f54,f55,f56,f57,f58,f59,f60,f61&klt=101&fqt=0&end=20500101&lmt=300 failed, reason: socket hang up
2026-04-20T10:17:14:   [K线] 2.H30269 所有secid均失败: request to https://push2his.eastmoney.com/api/qt/stock/kline/get?secid=0.930955&fields1=f1,f2,f3,f4,f5,f6&fields2=f51,f52,f53,f54,f55,f56,f57,f58,f59,f60,f61&klt=101&fqt=0&end=20500101&lmt=300 failed, reason: socket hang up
2026-04-20T10:17:18:   [K线] 2.H30269 所有secid均失败: request to https://push2his.eastmoney.com/api/qt/stock/kline/get?secid=0.930955&fields1=f1,f2,f3,f4,f5,f6&fields2=f51,f52,f53,f54,f55,f56,f57,f58,f59,f60,f61&klt=101&fqt=0&end=20500101&lmt=300 failed, reason: socket hang up
2026-04-20T10:17:23:   [K线] 2.H30269 所有secid均失败: request to https://push2his.eastmoney.com/api/qt/stock/kline/get?secid=0.930955&fields1=f1,f2,f3,f4,f5,f6&fields2=f51,f52,f53,f54,f55,f56,f57,f58,f59,f60,f61&klt=101&fqt=0&end=20500101&lmt=300 failed, reason: socket hang up
2026-04-20T10:21:10:   [天天基金] 估值接口失败: 网络繁忙，请稍后重试！
2026-04-20T10:26:13:   [天天基金] 估值接口失败: 网络繁忙，请稍后重试！
2026-04-20T10:31:14:   [天天基金] 估值接口失败: 网络繁忙，请稍后重试！
2026-04-20T10:36:11:   [K线] 1.000932 所有secid均失败: request to https://push2his.eastmoney.com/api/qt/stock/kline/get?secid=1.000932&fields1=f1,f2,f3,f4,f5,f6&fields2=f51,f52,f53,f54,f55,f56,f57,f58,f59,f60,f61&klt=101&fqt=0&end=20500101&lmt=300 failed, reason: socket hang up
2026-04-20T10:36:11:   [K线] 东方财富历史K线进入 10 分钟冷却: 中证消费 主源请求失败，优先回退缓存/腾讯备用源
2026-04-20T10:36:11:   [K线] 中证消费 主源失败，回退历史缓存避免刷新抖动
2026-04-20T10:36:11:   [K线] 1.000905 所有secid均失败: request to https://push2his.eastmoney.com/api/qt/stock/kline/get?secid=1.000905&fields1=f1,f2,f3,f4,f5,f6&fields2=f51,f52,f53,f54,f55,f56,f57,f58,f59,f60,f61&klt=101&fqt=0&end=20500101&lmt=300 failed, reason: socket hang up
2026-04-20T10:36:11:   [K线] 东方财富历史K线进入 10 分钟冷却: 中证500 主源请求失败，优先回退缓存/腾讯备用源
2026-04-20T10:36:11:   [K线] 中证500 主源失败，回退历史缓存避免刷新抖动
2026-04-20T10:36:11:   [K线] 1.000688 所有secid均失败: request to https://push2his.eastmoney.com/api/qt/stock/kline/get?secid=1.000688&fields1=f1,f2,f3,f4,f5,f6&fields2=f51,f52,f53,f54,f55,f56,f57,f58,f59,f60,f61&klt=101&fqt=0&end=20500101&lmt=300 failed, reason: socket hang up
2026-04-20T10:36:11:   [K线] 东方财富历史K线进入 10 分钟冷却: 科创50 主源请求失败，优先回退缓存/腾讯备用源
2026-04-20T10:36:11:   [K线] 科创50 主源失败，回退历史缓存避免刷新抖动
2026-04-20T10:36:11:   [K线] 1.000300 所有secid均失败: request to https://push2his.eastmoney.com/api/qt/stock/kline/get?secid=1.000300&fields1=f1,f2,f3,f4,f5,f6&fields2=f51,f52,f53,f54,f55,f56,f57,f58,f59,f60,f61&klt=101&fqt=0&end=20500101&lmt=300 failed, reason: socket hang up
2026-04-20T10:36:11:   [K线] 东方财富历史K线进入 10 分钟冷却: 沪深300 主源请求失败，优先回退缓存/腾讯备用源
2026-04-20T10:36:11:   [K线] 沪深300 主源失败，回退历史缓存避免刷新抖动
2026-04-20T10:36:11:   [K线] 1.000922 所有secid均失败: request to https://push2his.eastmoney.com/api/qt/stock/kline/get?secid=1.000922&fields1=f1,f2,f3,f4,f5,f6&fields2=f51,f52,f53,f54,f55,f56,f57,f58,f59,f60,f61&klt=101&fqt=0&end=20500101&lmt=300 failed, reason: socket hang up
2026-04-20T10:36:11:   [K线] 东方财富历史K线进入 10 分钟冷却: 中证红利 主源请求失败，优先回退缓存/腾讯备用源
2026-04-20T10:36:11:   [K线] 中证红利 主源失败，回退历史缓存避免刷新抖动
2026-04-20T10:36:15:   [天天基金] 估值接口失败: 网络繁忙，请稍后重试！
2026-04-20T10:41:17:   [天天基金] 估值接口失败: 网络繁忙，请稍后重试！
2026-04-20T10:46:12:   [K线] 100.SPX 所有secid均失败: request to https://push2his.eastmoney.com/api/qt/stock/kline/get?secid=100.SPX&fields1=f1,f2,f3,f4,f5,f6&fields2=f51,f52,f53,f54,f55,f56,f57,f58,f59,f60,f61&klt=101&fqt=0&end=20500101&lmt=300 failed, reason: socket hang up
2026-04-20T10:46:12:   [K线] 东方财富历史K线进入 10 分钟冷却: 标普500 主源请求失败，优先回退缓存/腾讯备用源
2026-04-20T10:46:12:   [K线] 标普500 主源失败，回退历史缓存避免刷新抖动
2026-04-20T10:46:12:   [K线] 1.000001 所有secid均失败: request to https://push2his.eastmoney.com/api/qt/stock/kline/get?secid=1.000001&fields1=f1,f2,f3,f4,f5,f6&fields2=f51,f52,f53,f54,f55,f56,f57,f58,f59,f60,f61&klt=101&fqt=0&end=20500101&lmt=300 failed, reason: socket hang up
2026-04-20T10:46:12:   [K线] 东方财富历史K线进入 10 分钟冷却: 上证指数 主源请求失败，优先回退缓存/腾讯备用源
2026-04-20T10:46:12:   [K线] 上证指数 主源失败，回退历史缓存避免刷新抖动
2026-04-20T10:46:12:   [K线] 100.NDX 所有secid均失败: request to https://push2his.eastmoney.com/api/qt/stock/kline/get?secid=100.NDX&fields1=f1,f2,f3,f4,f5,f6&fields2=f51,f52,f53,f54,f55,f56,f57,f58,f59,f60,f61&klt=101&fqt=0&end=20500101&lmt=300 failed, reason: socket hang up
2026-04-20T10:46:12:   [K线] 东方财富历史K线进入 10 分钟冷却: 纳斯达克100 主源请求失败，优先回退缓存/腾讯备用源
2026-04-20T10:46:12:   [K线] 纳斯达克100 主源失败，回退历史缓存避免刷新抖动
2026-04-20T10:46:13:   [K线] 100.HSTECH 所有secid均失败: request to https://push2his.eastmoney.com/api/qt/stock/kline/get?secid=124.HSTECH&fields1=f1,f2,f3,f4,f5,f6&fields2=f51,f52,f53,f54,f55,f56,f57,f58,f59,f60,f61&klt=101&fqt=0&end=20500101&lmt=300 failed, reason: socket hang up
2026-04-20T10:46:13:   [K线] 东方财富历史K线进入 10 分钟冷却: 恒生科技 主源请求失败，优先回退缓存/腾讯备用源
2026-04-20T10:46:13:   [K线] 恒生科技 主源失败，回退历史缓存避免刷新抖动
2026-04-20T10:46:18:   [天天基金] 估值接口失败: 网络繁忙，请稍后重试！
2026-04-20T10:51:20:   [天天基金] 估值接口失败: 网络繁忙，请稍后重试！
2026-04-20T10:56:16:   [K线] 1.000932 所有secid均失败: request to https://push2his.eastmoney.com/api/qt/stock/kline/get?secid=1.000932&fields1=f1,f2,f3,f4,f5,f6&fields2=f51,f52,f53,f54,f55,f56,f57,f58,f59,f60,f61&klt=101&fqt=0&end=20500101&lmt=300 failed, reason: socket hang up
2026-04-20T10:56:16:   [K线] 东方财富历史K线进入 10 分钟冷却: 中证消费 主源请求失败，优先回退缓存/腾讯备用源
2026-04-20T10:56:16:   [K线] 中证消费 主源失败，回退历史缓存避免刷新抖动
2026-04-20T10:56:16:   [K线] 1.000688 所有secid均失败: request to https://push2his.eastmoney.com/api/qt/stock/kline/get?secid=1.000688&fields1=f1,f2,f3,f4,f5,f6&fields2=f51,f52,f53,f54,f55,f56,f57,f58,f59,f60,f61&klt=101&fqt=0&end=20500101&lmt=300 failed, reason: socket hang up
2026-04-20T10:56:16:   [K线] 东方财富历史K线进入 10 分钟冷却: 科创50 主源请求失败，优先回退缓存/腾讯备用源
2026-04-20T10:56:16:   [K线] 科创50 主源失败，回退历史缓存避免刷新抖动
2026-04-20T10:56:16:   [K线] 1.000905 所有secid均失败: request to https://push2his.eastmoney.com/api/qt/stock/kline/get?secid=1.000905&fields1=f1,f2,f3,f4,f5,f6&fields2=f51,f52,f53,f54,f55,f56,f57,f58,f59,f60,f61&klt=101&fqt=0&end=20500101&lmt=300 failed, reason: socket hang up
2026-04-20T10:56:16:   [K线] 东方财富历史K线进入 10 分钟冷却: 中证500 主源请求失败，优先回退缓存/腾讯备用源
2026-04-20T10:56:16:   [K线] 中证500 主源失败，回退历史缓存避免刷新抖动
2026-04-20T10:56:16:   [K线] 1.000300 所有secid均失败: request to https://push2his.eastmoney.com/api/qt/stock/kline/get?secid=1.000300&fields1=f1,f2,f3,f4,f5,f6&fields2=f51,f52,f53,f54,f55,f56,f57,f58,f59,f60,f61&klt=101&fqt=0&end=20500101&lmt=300 failed, reason: socket hang up
2026-04-20T10:56:16:   [K线] 东方财富历史K线进入 10 分钟冷却: 沪深300 主源请求失败，优先回退缓存/腾讯备用源
2026-04-20T10:56:16:   [K线] 沪深300 主源失败，回退历史缓存避免刷新抖动
2026-04-20T10:56:16:   [K线] 1.000922 所有secid均失败: request to https://push2his.eastmoney.com/api/qt/stock/kline/get?secid=1.000922&fields1=f1,f2,f3,f4,f5,f6&fields2=f51,f52,f53,f54,f55,f56,f57,f58,f59,f60,f61&klt=101&fqt=0&end=20500101&lmt=300 failed, reason: socket hang up
2026-04-20T10:56:16:   [K线] 东方财富历史K线进入 10 分钟冷却: 中证红利 主源请求失败，优先回退缓存/腾讯备用源
2026-04-20T10:56:16:   [K线] 中证红利 主源失败，回退历史缓存避免刷新抖动
2026-04-20T10:56:23:   [天天基金] 估值接口失败: 网络繁忙，请稍后重试！
2026-04-20T11:01:25:   [天天基金] 估值接口失败: 网络繁忙，请稍后重试！
2026-04-20T11:06:17:   [K线] 1.000300 所有secid均失败: request to https://push2his.eastmoney.com/api/qt/stock/kline/get?secid=1.000300&fields1=f1,f2,f3,f4,f5,f6&fields2=f51,f52,f53,f54,f55,f56,f57,f58,f59,f60,f61&klt=101&fqt=0&end=20500101&lmt=300 failed, reason: socket hang up
2026-04-20T11:06:17:   [K线] 东方财富历史K线进入 10 分钟冷却: 沪深300 主源请求失败，优先回退缓存/腾讯备用源
2026-04-20T11:06:17:   [K线] 沪深300 主源失败，回退历史缓存避免刷新抖动
2026-04-20T11:06:17:   [K线] 1.000932 所有secid均失败: request to https://push2his.eastmoney.com/api/qt/stock/kline/get?secid=1.000932&fields1=f1,f2,f3,f4,f5,f6&fields2=f51,f52,f53,f54,f55,f56,f57,f58,f59,f60,f61&klt=101&fqt=0&end=20500101&lmt=300 failed, reason: socket hang up
2026-04-20T11:06:17:   [K线] 东方财富历史K线进入 10 分钟冷却: 中证消费 主源请求失败，优先回退缓存/腾讯备用源
2026-04-20T11:06:17:   [K线] 中证消费 主源失败，回退历史缓存避免刷新抖动
2026-04-20T11:06:17:   [K线] 1.000905 所有secid均失败: request to https://push2his.eastmoney.com/api/qt/stock/kline/get?secid=1.000905&fields1=f1,f2,f3,f4,f5,f6&fields2=f51,f52,f53,f54,f55,f56,f57,f58,f59,f60,f61&klt=101&fqt=0&end=20500101&lmt=300 failed, reason: socket hang up
2026-04-20T11:06:17:   [K线] 东方财富历史K线进入 10 分钟冷却: 中证500 主源请求失败，优先回退缓存/腾讯备用源
2026-04-20T11:06:17:   [K线] 中证500 主源失败，回退历史缓存避免刷新抖动
2026-04-20T11:06:17:   [K线] 1.000688 所有secid均失败: request to https://push2his.eastmoney.com/api/qt/stock/kline/get?secid=1.000688&fields1=f1,f2,f3,f4,f5,f6&fields2=f51,f52,f53,f54,f55,f56,f57,f58,f59,f60,f61&klt=101&fqt=0&end=20500101&lmt=300 failed, reason: socket hang up
2026-04-20T11:06:17:   [K线] 东方财富历史K线进入 10 分钟冷却: 科创50 主源请求失败，优先回退缓存/腾讯备用源
2026-04-20T11:06:17:   [K线] 科创50 主源失败，回退历史缓存避免刷新抖动
2026-04-20T11:06:17:   [K线] 1.000922 所有secid均失败: request to https://push2his.eastmoney.com/api/qt/stock/kline/get?secid=1.000922&fields1=f1,f2,f3,f4,f5,f6&fields2=f51,f52,f53,f54,f55,f56,f57,f58,f59,f60,f61&klt=101&fqt=0&end=20500101&lmt=300 failed, reason: socket hang up
2026-04-20T11:06:17:   [K线] 东方财富历史K线进入 10 分钟冷却: 中证红利 主源请求失败，优先回退缓存/腾讯备用源
2026-04-20T11:06:17:   [K线] 中证红利 主源失败，回退历史缓存避免刷新抖动
2026-04-20T11:06:27:   [天天基金] 估值接口失败: 网络繁忙，请稍后重试！
2026-04-20T11:08:21:   [亿牛网] 沪深300 获取失败: network timeout at: https://eniu.com/gu/sz399300
2026-04-20T11:08:21:   [亿牛网] 中证500 获取失败: network timeout at: https://eniu.com/gu/sh000905
2026-04-20T11:08:55:   [亿牛网] 沪深300 获取失败: network timeout at: https://eniu.com/gu/sz399300
2026-04-20T11:08:55:   [亿牛网] 中证500 获取失败: network timeout at: https://eniu.com/gu/sh000905
2026-04-20T11:11:29:   [天天基金] 估值接口失败: 网络繁忙，请稍后重试！
2026-04-20T11:16:21:   [K线] 1.000688 所有secid均失败: request to https://push2his.eastmoney.com/api/qt/stock/kline/get?secid=1.000688&fields1=f1,f2,f3,f4,f5,f6&fields2=f51,f52,f53,f54,f55,f56,f57,f58,f59,f60,f61&klt=101&fqt=0&end=20500101&lmt=300 failed, reason: socket hang up
2026-04-20T11:16:21:   [K线] 东方财富历史K线进入 10 分钟冷却: 科创50 主源请求失败，优先回退缓存/腾讯备用源
2026-04-20T11:16:21:   [K线] 科创50 主源失败，回退历史缓存避免刷新抖动
2026-04-20T11:16:21:   [K线] 1.000932 所有secid均失败: request to https://push2his.eastmoney.com/api/qt/stock/kline/get?secid=1.000932&fields1=f1,f2,f3,f4,f5,f6&fields2=f51,f52,f53,f54,f55,f56,f57,f58,f59,f60,f61&klt=101&fqt=0&end=20500101&lmt=300 failed, reason: socket hang up
2026-04-20T11:16:21:   [K线] 东方财富历史K线进入 10 分钟冷却: 中证消费 主源请求失败，优先回退缓存/腾讯备用源
2026-04-20T11:16:21:   [K线] 中证消费 主源失败，回退历史缓存避免刷新抖动
2026-04-20T11:16:21:   [K线] 1.000905 所有secid均失败: request to https://push2his.eastmoney.com/api/qt/stock/kline/get?secid=1.000905&fields1=f1,f2,f3,f4,f5,f6&fields2=f51,f52,f53,f54,f55,f56,f57,f58,f59,f60,f61&klt=101&fqt=0&end=20500101&lmt=300 failed, reason: socket hang up
2026-04-20T11:16:21:   [K线] 东方财富历史K线进入 10 分钟冷却: 中证500 主源请求失败，优先回退缓存/腾讯备用源
2026-04-20T11:16:21:   [K线] 中证500 主源失败，回退历史缓存避免刷新抖动
2026-04-20T11:16:21:   [K线] 1.000922 所有secid均失败: request to https://push2his.eastmoney.com/api/qt/stock/kline/get?secid=1.000922&fields1=f1,f2,f3,f4,f5,f6&fields2=f51,f52,f53,f54,f55,f56,f57,f58,f59,f60,f61&klt=101&fqt=0&end=20500101&lmt=300 failed, reason: socket hang up
2026-04-20T11:16:21:   [K线] 东方财富历史K线进入 10 分钟冷却: 中证红利 主源请求失败，优先回退缓存/腾讯备用源
2026-04-20T11:16:21:   [K线] 中证红利 主源失败，回退历史缓存避免刷新抖动
2026-04-20T11:16:21:   [K线] 1.000300 所有secid均失败: request to https://push2his.eastmoney.com/api/qt/stock/kline/get?secid=1.000300&fields1=f1,f2,f3,f4,f5,f6&fields2=f51,f52,f53,f54,f55,f56,f57,f58,f59,f60,f61&klt=101&fqt=0&end=20500101&lmt=300 failed, reason: socket hang up
2026-04-20T11:16:21:   [K线] 东方财富历史K线进入 10 分钟冷却: 沪深300 主源请求失败，优先回退缓存/腾讯备用源
2026-04-20T11:16:21:   [K线] 沪深300 主源失败，回退历史缓存避免刷新抖动
2026-04-20T11:16:32:   [天天基金] 估值接口失败: 网络繁忙，请稍后重试！
2026-04-20T11:21:34:   [天天基金] 估值接口失败: 网络繁忙，请稍后重试！
2026-04-20T11:26:24:   [K线] 1.000905 所有secid均失败: request to https://push2his.eastmoney.com/api/qt/stock/kline/get?secid=1.000905&fields1=f1,f2,f3,f4,f5,f6&fields2=f51,f52,f53,f54,f55,f56,f57,f58,f59,f60,f61&klt=101&fqt=0&end=20500101&lmt=300 failed, reason: socket hang up
2026-04-20T11:26:24:   [K线] 东方财富历史K线进入 10 分钟冷却: 中证500 主源请求失败，优先回退缓存/腾讯备用源
2026-04-20T11:26:24:   [K线] 中证500 主源失败，回退历史缓存避免刷新抖动
2026-04-20T11:26:24:   [K线] 1.000300 所有secid均失败: request to https://push2his.eastmoney.com/api/qt/stock/kline/get?secid=1.000300&fields1=f1,f2,f3,f4,f5,f6&fields2=f51,f52,f53,f54,f55,f56,f57,f58,f59,f60,f61&klt=101&fqt=0&end=20500101&lmt=300 failed, reason: socket hang up
2026-04-20T11:26:24:   [K线] 东方财富历史K线进入 10 分钟冷却: 沪深300 主源请求失败，优先回退缓存/腾讯备用源
2026-04-20T11:26:24:   [K线] 沪深300 主源失败，回退历史缓存避免刷新抖动
2026-04-20T11:26:24:   [K线] 1.000922 所有secid均失败: request to https://push2his.eastmoney.com/api/qt/stock/kline/get?secid=1.000922&fields1=f1,f2,f3,f4,f5,f6&fields2=f51,f52,f53,f54,f55,f56,f57,f58,f59,f60,f61&klt=101&fqt=0&end=20500101&lmt=300 failed, reason: socket hang up
2026-04-20T11:26:24:   [K线] 东方财富历史K线进入 10 分钟冷却: 中证红利 主源请求失败，优先回退缓存/腾讯备用源
2026-04-20T11:26:24:   [K线] 中证红利 主源失败，回退历史缓存避免刷新抖动
2026-04-20T11:26:24:   [K线] 1.000688 所有secid均失败: request to https://push2his.eastmoney.com/api/qt/stock/kline/get?secid=1.000688&fields1=f1,f2,f3,f4,f5,f6&fields2=f51,f52,f53,f54,f55,f56,f57,f58,f59,f60,f61&klt=101&fqt=0&end=20500101&lmt=300 failed, reason: socket hang up
2026-04-20T11:26:24:   [K线] 东方财富历史K线进入 10 分钟冷却: 科创50 主源请求失败，优先回退缓存/腾讯备用源
2026-04-20T11:26:24:   [K线] 科创50 主源失败，回退历史缓存避免刷新抖动
2026-04-20T11:26:35:   [天天基金] 估值接口失败: 网络繁忙，请稍后重试！
